exports[`<Home /> renders snapshot 1`] = `undefined`;
